Component: Arm Compiler for Embedded 6.24 Tool: armlink [5f371500]

==============================================================================

Section Cross References

    q3_main.o(RESET) refers to q3_main.o(CODE) for Reset_Handler


==============================================================================

Image Symbol Table

    Local Symbols

    Symbol Name                              Value     Ov Type        Size  Object(Section)

    Q3_main.s                                0x00000000   Number         0  q3_main.o ABSOLUTE
    RESET                                    0x08000000   Section       48  q3_main.o(RESET)
    $v0                                      0x08000030   Number         0  q3_main.o(CODE)
    CODE                                     0x08000030   Section       66  q3_main.o(CODE)

    Global Symbols

    Symbol Name                              Value     Ov Type        Size  Object(Section)

    BuildAttributes$$THM_ISAv4$E$P$D$K$B$S$7EM$VFPi3$EXTD16$VFPS$VFMA$PE$A:L22UL41UL21$X:L11$S22US41US21$IEEE1$~IW$USESV6$~STKCKD$USESV7$~SHL$OSPACE$EBA8$STANDARDLIB$PRES8$EABIv2 0x00000000   Number         0  anon$$obj.o ABSOLUTE
    __Vectors                                0x08000000   Data           0  q3_main.o(RESET)
    Reset_Handler                            0x08000031   Thumb Code     0  q3_main.o(CODE)
    SVC_Handler                              0x08000045   Thumb Code     0  q3_main.o(CODE)



==============================================================================

Memory Map of the image

  Image Entry point : 0x08000031

  Load Region LR_1 (Base: 0x08000000, Size: 0x00000074, Max: 0xffffffff, ABSOLUTE)

    Execution Region ER_RO (Exec base: 0x08000000, Load base: 0x08000000, Size: 0x00000074, Max: 0xffffffff, ABSOLUTE)

    Exec Addr    Load Addr    Size         Type   Attr      Idx    E Section Name        Object

    0x08000000   0x08000000   0x00000030   Data   RO            1    RESET               q3_main.o
    0x08000030   0x08000030   0x00000042   Code   RO            2  * CODE                q3_main.o


    Execution Region ER_RW (Exec base: 0x20000000, Load base: 0x08000074, Size: 0x00000000, Max: 0xffffffff, ABSOLUTE)

    **** No section assigned to this execution region ****


    Execution Region ER_ZI (Exec base: 0x20000000, Load base: 0x08000074, Size: 0x00000000, Max: 0xffffffff, ABSOLUTE)

    **** No section assigned to this execution region ****


==============================================================================

Image component sizes


      Code (inc. data)   RO Data    RW Data    ZI Data      Debug   Object Name

        66          0         48          0          0        308   q3_main.o

    ----------------------------------------------------------------------
        68          0         48          0          0        308   Object Totals
         0          0          0          0          0          0   (incl. Generated)
         2          0          0          0          0          0   (incl. Padding)

    ----------------------------------------------------------------------
         0          0          0          0          0          0   Library Totals
         0          0          0          0          0          0   (incl. Padding)

    ----------------------------------------------------------------------

==============================================================================


      Code (inc. data)   RO Data    RW Data    ZI Data      Debug   

        68          0         48          0          0        308   Grand Totals
        68          0         48          0          0        308   ELF Image Totals
        68          0         48          0          0          0   ROM Totals

==============================================================================

    Total RO  Size (Code + RO Data)                  116 (   0.11kB)
    Total RW  Size (RW Data + ZI Data)                 0 (   0.00kB)
    Total ROM Size (Code + RO Data + RW Data)        116 (   0.11kB)

==============================================================================

