<!doctype html public "-//w3c//dtd html 4.0 transitional//en">
<html><head>
<title>Static Call Graph - [.\Objects\SVC_Project_Q3.axf]</title></head>
<body><HR>
<H1>Static Call Graph for image .\Objects\SVC_Project_Q3.axf</H1><HR>
<BR><P>#&#060CALLGRAPH&#062# ARM Linker, 6240002: Last Updated: Sat Mar 28 11:07:13 2026
<BR><P>
<H3>Maximum Stack Usage =          0 bytes + Unknown(Functions without stacksize, Untraceable Function Pointers)</H3><H3>
Call chain for Maximum Stack Depth:</H3>

<P>
<H3>
Functions with no stack information
</H3><UL>
 <LI><a href="#[0]">Reset_Handler</a>
 <LI><a href="#[1]">SVC_Handler</a>
</UL>
</UL>
<P>
<H3>
Function Pointers
</H3><UL>
 <LI><a href="#[0]">Reset_Handler</a> from q3_main.o(CODE) referenced from q3_main.o(RESET)
 <LI><a href="#[1]">SVC_Handler</a> from q3_main.o(CODE) referenced from q3_main.o(RESET)
</UL>
<P>
<H3>
Global Symbols
</H3>
<P><STRONG><a name="[0]"></a>Reset_Handler</STRONG> (Thumb, 0 bytes, Stack size unknown bytes, q3_main.o(CODE))
<BR>[Address Reference Count : 1]<UL><LI> q3_main.o(RESET)
</UL>
<P><STRONG><a name="[1]"></a>SVC_Handler</STRONG> (Thumb, 0 bytes, Stack size unknown bytes, q3_main.o(CODE))
<BR>[Address Reference Count : 1]<UL><LI> q3_main.o(RESET)
</UL><P>
<H3>
Local Symbols
</H3><P>
<H3>
Undefined Global Symbols
</H3><HR></body></html>
